Line 11:16 error: Assignment with incompatible types.
Line 12:20 error: Assignment with incompatible types.
Line 12:22 error: Array slice with invalid limits.
Line 13:13 error: Assignment with incompatible types.
Line 13:15 error: Array slice with invalid limits.
Line 14:6 error: Assignment with incompatible types.
Line 14:8 error: Array slice with invalid limits.
Line 16:20 error: Assignment with incompatible types.
Line 16:22 error: Array slice with invalid limits.
Line 17:5 error: Operator '>' with incompatible types.
Line 18:13 error: Assignment with incompatible types.
Line 19:13 error: Assignment with incompatible types.
Line 19:15 error: Array slice with invalid limits.
Line 22:6 error: Assignment with incompatible types.
Line 22:8 error: Array slice with invalid limits.
Line 23:15 error: Array slice with invalid limits.
Line 29:2 error: Array access to a non array operand.
Line 29:15 error: Array slice with invalid limits.
Line 29:27 error: Array access to a non array operand.
Line 30:31 error: Operator '==' with incompatible types.
